(---------------------------------------------------------------------)
(                                                                     )
(    Allegro Netrev Import Logic                                      )
(                                                                     )
(    Drawing          : imx415_to_22pin.brd                           )
(    Software Version : 17.4S032                                      )
(    Date/Time        : Wed Jun 11 19:43:27 2025                      )
(                                                                     )
(---------------------------------------------------------------------)


------ Directives ------------

Ripup etch:                  No
Ripup delete first segment:  No
Ripup retain bondwire:       No
Ripup symbols:               Always
Missing symbol has error:    No
DRC update:                  Yes
Schematic directory:         'E:/H264_codec_base_rpi4b_rv1106_visual_studio/imx415_to_20Pin_brd/allegro'
Design Directory:            'E:/H264_codec_base_rpi4b_rv1106_visual_studio/imx415_to_20Pin_brd'
Old design name:             'E:/H264_codec_base_rpi4b_rv1106_visual_studio/imx415_to_20Pin_brd/imx415_to_22pin.brd'
New design name:             'E:/H264_codec_base_rpi4b_rv1106_visual_studio/imx415_to_20Pin_brd/imx415_to_22pin.brd'

CmdLine: netrev -$ -i E:/H264_codec_base_rpi4b_rv1106_visual_studio/imx415_to_20Pin_brd/allegro -y 1 -h -q netrev_constraint_report.xml E:/H264_codec_base_rpi4b_rv1106_visual_studio/imx415_to_20Pin_brd/#Taaaacf17032.tmp

------ Preparing to read pst files ------

Starting to read E:/H264_codec_base_rpi4b_rv1106_visual_studio/imx415_to_20Pin_brd/allegro/pstchip.dat 
   Finished reading E:/H264_codec_base_rpi4b_rv1106_visual_studio/imx415_to_20Pin_brd/allegro/pstchip.dat (00:00:00.01)
Starting to read E:/H264_codec_base_rpi4b_rv1106_visual_studio/imx415_to_20Pin_brd/allegro/pstxprt.dat 
   Finished reading E:/H264_codec_base_rpi4b_rv1106_visual_studio/imx415_to_20Pin_brd/allegro/pstxprt.dat (00:00:00.00)
Starting to read E:/H264_codec_base_rpi4b_rv1106_visual_studio/imx415_to_20Pin_brd/allegro/pstxnet.dat 
   Finished reading E:/H264_codec_base_rpi4b_rv1106_visual_studio/imx415_to_20Pin_brd/allegro/pstxnet.dat (00:00:00.00)

------ Oversights/Warnings/Errors ------


------ Library Paths ------
MODULEPATH =  . 
           d:/cadence/spb_17.4/share/local/pcb/modules 

PSMPATH =  Y:/CadenceCenLib/Package/flash/ 
           Y:/CadenceCenLib/Package/shape/ 
           Y:/CadenceCenLib/Package/pad/ 
           Y:/CadenceCenLib/Package/ 

PADPATH =  Y:/CadenceCenLib/Package/pad/ 
           Y:/CadenceCenLib/Package/flash/ 
           Y:/CadenceCenLib/Package/shape/ 


------ Summary Statistics ------


netrev run on Jun 11 19:43:27 2025
   DESIGN NAME : 'IMX415_TO_22PIN'
   PACKAGING ON Aug 29 2022 11:07:37

   COMPILE 'logic'
   CHECK_PIN_NAMES OFF
   CROSS_REFERENCE OFF
   FEEDBACK OFF
   INCREMENTAL OFF
   INTERFACE_TYPE PHYSICAL
   MAX_ERRORS 500
   MERGE_MINIMUM 5
   NET_NAME_CHARS '#%&()*+-./:=>?@[]^_`|'
   NET_NAME_LENGTH 24
   OVERSIGHTS ON
   REPLACE_CHECK OFF
   SINGLE_NODE_NETS ON
   SPLIT_MINIMUM 0
   SUPPRESS   20
   WARNINGS ON

 No error detected
 No oversight detected
 No warning detected

cpu time      0:00:47
elapsed time  0:00:00

